uppercase
lowercase
a
reallyreallyreallyreallyreallyreallyreallyreallyreallyreallyreallyreallylong


_~1!@#$%^&*()-_=+[{]}\|;:'"<.>?`
extra,comma

